// Jest Snapshot v1, https://goo.gl/fbAQLP

exports[`Headerz component renders a header 1`] = `
<Fragment>
  <header
    className="Header"
  >
    <nav>
      <ul>
        <li>
          <a
            className="active"
            href="#"
          >
            Home
          </a>
        </li>
        <li>
          <a
            href="#"
          >
            About
          </a>
        </li>
        <li>
          <a
            href="#"
          >
            Documentation
          </a>
        </li>
      </ul>
    </nav>
    <section>
      <h1>
        The Rick And Morty Api
      </h1>
      <h2>
        Hey, did you ever want to hold a Terry fold?
      </h2>
    </section>
  </header>
</Fragment>
`;
